\BOOKMARK [1][-]{section*.5}{\376\377\000\040\000D\000A\000N\000H\000\040\000M\036\344\000C\000\040\000K\000\335\000\040\000H\000I\036\306\000U\000\040\000V\000\300\000\040\000C\000H\036\356\000\040\000V\000I\036\276\000T\000\040\000T\036\256\000T}{}% 1
\BOOKMARK [1][-]{section*.7}{\376\377\000D\000A\000N\000H\000\040\000M\036\344\000C\000\040\000H\000\314\000N\000H\000\040\000V\036\274}{}% 2
\BOOKMARK [1][-]{section*.8}{\376\377\000\040\000D\000A\000N\000H\000\040\000M\036\344\000C\000\040\000B\036\242\000N\000G\000\040\000B\000I\036\302\000U}{}% 3
\BOOKMARK [1][-]{section*.8}{\376\377\000C\000H\001\257\001\240\000N\000G\000\040\0001\000.\000\040\000C\001\240\000\040\000S\036\336\000\040\000L\000\335\000\040\000T\000H\000U\000Y\036\276\000T}{}% 4
\BOOKMARK [2][-]{subsection.1.1}{\376\377\000G\000i\036\333\000i\000\040\000t\000h\000i\036\307\000u\000\040\000v\036\301\000\040\000c\000\364\000n\000g\000\040\000n\000g\000h\036\307\000\040\000t\000r\000u\000y\036\301\000n\000\040\000t\000h\000\364\000n\000g\000\040\000L\000o\000r\000a}{section*.8}% 5
\BOOKMARK [3][-]{subsubsection.1.1.1}{\376\377\000K\036\371\000\040\000t\000h\000u\036\255\000t\000\040\000t\000r\036\243\000i\000\040\000p\000h\036\325}{subsection.1.1}% 6
\BOOKMARK [3][-]{subsubsection.1.1.2}{\376\377\000L\000o\000R\000a\000\040\000C\000h\000i\000r\000p\000\040\000S\000p\000r\000e\000a\000d\000\040\000S\000p\000e\000c\000t\000r\000u\000m\000\040\000\050\000C\000S\000S\000\051}{subsection.1.1}% 7
\BOOKMARK [3][-]{subsubsection.1.1.3}{\376\377\000C\000\341\000c\000\040\000t\000h\000\364\000n\000g\000\040\000s\036\321\000\040\000k\036\371\000\040\000t\000h\000u\036\255\000t\000\040\000q\000u\000a\000n\000\040\000t\000r\036\315\000n\000g\000\040\000c\036\347\000a\000\040\000L\000o\000R\000a}{subsection.1.1}% 8
\BOOKMARK [3][-]{subsubsection.1.1.4}{\376\377\000C\036\245\000u\000\040\000t\000r\000\372\000c\000\040\000b\036\243\000n\000\040\000t\000i\000n\000\040\000L\000o\000R\000a\000\040\036\337\000\040\000l\036\333\000p\000\040\000v\036\255\000t\000\040\000l\000\375}{subsection.1.1}% 9
\BOOKMARK [3][-]{subsubsection.1.1.5}{\376\377\000T\000h\036\335\000i\000\040\000g\000i\000a\000n\000\040\000p\000h\000\341\000t\000\040\000k\000h\000u\000n\000g}{subsection.1.1}% 10
\BOOKMARK [3][-]{subsubsection.1.1.6}{\376\377\000N\000h\036\357\000n\000g\000\040\001\021\036\267\000c\000\040\001\021\000i\036\303\000m\000\040\000k\036\371\000\040\000t\000h\000u\036\255\000t\000\040\000n\036\325\000i\000\040\000b\036\255\000t\000\040\000c\036\347\000a\000\040\000c\000\364\000n\000g\000\040\000n\000g\000h\036\307\000\040\000L\000o\000R\000a}{subsection.1.1}% 11
\BOOKMARK [2][-]{subsection.1.2}{\376\377\000C\000\341\000c\000\040\000t\000h\000\364\000n\000g\000\040\000s\036\321\000\040\000c\036\347\000a\000\040\000A\000n\000t\000e\000n}{section*.8}% 12
\BOOKMARK [3][-]{subsubsection.1.2.1}{\376\377\000T\000h\000a\000m\000\040\000s\036\321\000\040\000S\0001\0001}{subsection.1.2}% 13
\BOOKMARK [3][-]{subsubsection.1.2.2}{\376\377\001\020\036\323\000\040\000t\000h\036\313\000\040\000S\000m\000i\000t\000h}{subsection.1.2}% 14
\BOOKMARK [2][-]{subsection.1.3}{\376\377\000A\000n\000t\000e\000n\000\040\000m\000o\000n\000o\000p\000o\000l\000e\000,\000\040\000a\000n\000t\000e\000n\000\040\000d\000i\000p\000o\000l\000e\000\040\000v\000\340\000\040\000a\000n\000t\000e\000n\000\040\000Y\000a\000g\000i}{section*.8}% 15
\BOOKMARK [3][-]{subsubsection.1.3.1}{\376\377\000A\000n\000t\000e\000n\000\040\000m\000o\000n\000o\000p\000o\000l\000e}{subsection.1.3}% 16
\BOOKMARK [3][-]{subsubsection.1.3.2}{\376\377\000A\000n\000t\000e\000n\000\040\000d\000i\000p\000o\000l\000e}{subsection.1.3}% 17
\BOOKMARK [3][-]{subsubsection.1.3.3}{\376\377\000A\000n\000t\000e\000n\000\040\000Y\000a\000g\000i}{subsection.1.3}% 18
\BOOKMARK [1][-]{paragraph.1.3.3.3}{\376\377\000C\000H\001\257\001\240\000N\000G\000\040\0002\000.\000\040\000H\036\306\000\040\000T\000H\036\320\000N\000G\000\040\000P\000H\036\246\000N\000\040\000C\036\350\000N\000G}{}% 19
\BOOKMARK [2][-]{subsection.2.1}{\376\377\000V\000i\000\040\001\021\000i\036\301\000u\000\040\000k\000h\000i\036\303\000n\000\040\000E\000S\000P\0003\0002}{paragraph.1.3.3.3}% 20
\BOOKMARK [3][-]{subsubsection.2.1.1}{\376\377\000T\000h\000\364\000n\000g\000\040\000s\036\321\000\040\000k\036\371\000\040\000t\000h\000u\036\255\000t}{subsection.2.1}% 21
\BOOKMARK [3][-]{subsubsection.2.1.2}{\376\377\001\257\000u\000\040\001\021\000i\036\303\000m\000\040\000c\036\347\000a\000\040\000E\000S\000P\0003\0002}{subsection.2.1}% 22
\BOOKMARK [3][-]{subsubsection.2.1.3}{\376\377\000N\000h\001\260\036\343\000c\000\040\001\021\000i\036\303\000m\000\040\000c\036\347\000a\000\040\000E\000S\000P\0003\0002}{subsection.2.1}% 23
\BOOKMARK [3][-]{subsubsection.2.1.4}{\376\377\036\350\000n\000g\000\040\000d\036\345\000n\000g\000\040\000p\000h\036\325\000\040\000b\000i\036\277\000n\000\040\000c\036\347\000a\000\040\000E\000S\000P\0003\0002}{subsection.2.1}% 24
\BOOKMARK [2][-]{subsection.2.2}{\376\377\000M\000o\000d\000u\000l\000e\000\040\000R\000a\000-\0000\0002}{paragraph.1.3.3.3}% 25
\BOOKMARK [3][-]{subsubsection.2.2.1}{\376\377\000T\000h\000\364\000n\000g\000\040\000s\036\321\000\040\000k\036\371\000\040\000t\000h\000u\036\255\000t}{subsection.2.2}% 26
\BOOKMARK [3][-]{subsubsection.2.2.2}{\376\377\001\257\000u\000\040\001\021\000i\036\303\000m\000\040\000c\036\347\000a\000\040\000M\000o\000d\000u\000l\000e\000\040\000R\000a\000-\0000\0002}{subsection.2.2}% 27
\BOOKMARK [3][-]{subsubsection.2.2.3}{\376\377\000N\000h\001\260\036\343\000c\000\040\001\021\000i\036\303\000m\000\040\000c\036\347\000a\000\040\000M\000o\000d\000u\000l\000e\000\040\000R\000a\000-\0000\0002}{subsection.2.2}% 28
\BOOKMARK [3][-]{subsubsection.2.2.4}{\376\377\036\350\000n\000g\000\040\000d\036\345\000n\000g\000\040\000p\000h\036\325\000\040\000b\000i\036\277\000n\000\040\000c\036\347\000a\000\040\000M\000o\000d\000u\000l\000e\000\040\000R\000a\000-\0000\0002}{subsection.2.2}% 29
\BOOKMARK [2][-]{subsection.2.3}{\376\377\000M\000\340\000n\000\040\000h\000\354\000n\000h\000\040\000S\000S\000D\000-\0001\0003\0000\0006}{paragraph.1.3.3.3}% 30
\BOOKMARK [3][-]{subsubsection.2.3.1}{\376\377\000T\000h\000\364\000n\000g\000\040\000s\036\321\000\040\000k\036\371\000\040\000t\000h\000u\036\255\000t}{subsection.2.3}% 31
\BOOKMARK [3][-]{subsubsection.2.3.2}{\376\377\001\257\000u\000\040\001\021\000i\036\303\000m\000\040\000c\036\347\000a\000\040\000m\000\340\000n\000\040\000h\000\354\000n\000h\000\040\000O\000L\000E\000D\000\040\000S\000S\000D\0001\0003\0000\0006}{subsection.2.3}% 32
\BOOKMARK [3][-]{subsubsection.2.3.3}{\376\377\000N\000h\001\260\036\343\000c\000\040\001\021\000i\036\303\000m\000\040\000c\036\347\000a\000\040\000m\000\340\000n\000\040\000h\000\354\000n\000h\000\040\000O\000L\000E\000D\000\040\000S\000S\000D\0001\0003\0000\0006}{subsection.2.3}% 33
\BOOKMARK [3][-]{subsubsection.2.3.4}{\376\377\036\350\000n\000g\000\040\000d\036\345\000n\000g\000\040\000p\000h\036\325\000\040\000b\000i\036\277\000n\000\040\000c\036\347\000a\000\040\000m\000\340\000n\000\040\000h\000\354\000n\000h\000\040\000O\000L\000E\000D\000\040\000S\000S\000D\0001\0003\0000\0006}{subsection.2.3}% 34
\BOOKMARK [2][-]{subsection.2.4}{\376\377\000M\036\241\000c\000h\000\040\036\325\000n\000\040\000\341\000p\000\040\000L\000M\0002\0005\0009\0006}{paragraph.1.3.3.3}% 35
\BOOKMARK [3][-]{subsubsection.2.4.1}{\376\377\000T\000h\000\364\000n\000g\000\040\000s\036\321\000\040\000k\036\371\000\040\000t\000h\000u\036\255\000t}{subsection.2.4}% 36
\BOOKMARK [3][-]{subsubsection.2.4.2}{\376\377\001\257\000u\000\040\001\021\000i\036\303\000m\000\040\000c\036\347\000a\000\040\000m\036\241\000c\000h\000\040\036\325\000n\000\040\000\341\000p\000\040\000L\000M\0002\0005\0009\0006}{subsection.2.4}% 37
\BOOKMARK [3][-]{subsubsection.2.4.3}{\376\377\000N\000h\001\260\036\343\000c\000\040\001\021\000i\036\303\000m\000\040\000c\036\347\000a\000\040\000m\036\241\000c\000h\000\040\036\325\000n\000\040\000\341\000p\000\040\000L\000M\0002\0005\0009\0006}{subsection.2.4}% 38
\BOOKMARK [3][-]{subsubsection.2.4.4}{\376\377\036\350\000n\000g\000\040\000d\036\345\000n\000g\000\040\000p\000h\036\325\000\040\000b\000i\036\277\000n\000\040\000c\036\347\000a\000\040\000m\036\241\000c\000h\000\040\036\325\000n\000\040\000\341\000p\000\040\000L\000M\0002\0005\0009\0006}{subsection.2.4}% 39
\BOOKMARK [2][-]{subsection.2.5}{\376\377\000A\000n\000t\000e\000n\000\040\000t\000r\000u\000y\036\301\000n\000/\000n\000h\036\255\000n\000\040\000s\000\363\000n\000g}{paragraph.1.3.3.3}% 40
\BOOKMARK [3][-]{subsubsection.2.5.1}{\376\377\000A\000n\000t\000e\000n\000\040\000m\000o\000n\000o\000p\000o\000l\000e\000\040\0001\0002\000d\000B\000i}{subsection.2.5}% 41
\BOOKMARK [3][-]{subsubsection.2.5.2}{\376\377\000A\000n\000t\000e\000n\000\040\000N\000L\000-\0007\0007\0000\000R\000\040\000b\001\003\000n\000g\000\040\000t\036\247\000n\000\040\000k\000\351\000p\000\040\0001\0004\0004\000/\0004\0003\0000\000\040\000M\000H\000z}{subsection.2.5}% 42
\BOOKMARK [3][-]{subsubsection.2.5.3}{\376\377\000A\000n\000t\000e\000n\000\040\000m\000o\000n\000o\000p\000o\000l\000e\000\040\0003\0008\000d\000B\000i}{subsection.2.5}% 43
\BOOKMARK [3][-]{subsubsection.2.5.4}{\376\377\000A\000n\000t\000e\000n\000\040\000Y\000a\000g\000i\000\040\000t\036\361\000\040\000c\000h\036\277}{subsection.2.5}% 44
\BOOKMARK [2][-]{subsection.2.6}{\376\377\000T\000h\000i\036\277\000t\000\040\000k\036\277\000\040\000h\036\307\000\040\000t\000h\036\321\000n\000g}{paragraph.1.3.3.3}% 45
\BOOKMARK [3][-]{subsubsection.2.6.1}{\376\377\000T\036\325\000n\000g\000\040\000q\000u\000a\000n\000\040\000k\036\277\000t\000\040\000n\036\321\000i\000\040\000h\036\307\000\040\000t\000h\036\321\000n\000g}{subsection.2.6}% 46
\BOOKMARK [3][-]{subsubsection.2.6.2}{\376\377\000S\001\241\000\040\001\021\036\323\000\040\000n\000g\000u\000y\000\352\000n\000\040\000l\000\375\000\040\000v\000\340\000\040\000P\000C\000B\000\040\000c\036\347\000a\000\040\000h\036\307\000\040\000t\000h\036\321\000n\000g}{subsection.2.6}% 47
\BOOKMARK [1][-]{figure.caption.40}{\376\377\000C\000H\001\257\001\240\000N\000G\000\040\0003\000.\000\040\000K\036\276\000T\000\040\000Q\000U\036\242\000\040\000T\000H\036\360\000C\000\040\000N\000G\000H\000I\036\306\000M}{}% 48
\BOOKMARK [2][-]{subsection.3.1}{\376\377\000K\000i\036\303\000m\000\040\000t\000h\036\355\000\040\000t\000r\000u\000y\036\301\000n\000\040\000t\000\355\000n\000\040\000h\000i\036\307\000u\000\040\000L\000o\000R\000a\000\040\000t\000r\000o\000n\000g\000\040\000c\000\341\000c\000\040\001\021\000i\036\301\000u\000\040\000k\000i\036\307\000n\000\040\000c\001\241\000\040\000b\036\243\000n}{figure.caption.40}% 49
\BOOKMARK [3][-]{subsubsection.3.1.1}{\376\377\000K\036\313\000c\000h\000\040\000b\036\243\000n\000\040\000k\000i\036\303\000m\000\040\000t\000h\036\355\000\040\000t\000r\000o\000n\000g\000\040\001\021\000i\036\301\000u\000\040\000k\000i\036\307\000n\000\040\000t\000r\000u\000y\036\301\000n\000\040\000t\000h\036\263\000n\000g\000,\000\040\000k\000h\000\364\000n\000g\000\040\000v\036\255\000t\000\040\000c\036\243\000n}{subsection.3.1}% 50
\BOOKMARK [3][-]{subsubsection.3.1.2}{\376\377\000K\036\313\000c\000h\000\040\000b\036\243\000n\000\040\000k\000i\036\303\000m\000\040\000t\000h\036\355\000\040\000t\000r\000o\000n\000g\000\040\000m\000\364\000i\000\040\000t\000r\001\260\036\335\000n\000g\000\040\000n\001\260\036\333\000c}{subsection.3.1}% 51
\BOOKMARK [3][-]{subsubsection.3.1.3}{\376\377\000K\036\313\000c\000h\000\040\000b\036\243\000n\000\040\000k\000i\036\303\000m\000\040\000t\000h\036\355\000\040\000t\000r\000o\000n\000g\000\040\001\021\000i\036\301\000u\000\040\000k\000i\036\307\000n\000\040\000d\000i\000\040\001\021\036\331\000n\000g}{subsection.3.1}% 52
\BOOKMARK [2][-]{subsection.3.2}{\376\377\000K\000i\036\303\000m\000\040\000t\000h\036\355\000\040\000v\000\340\000\040\000t\036\321\000i\000\040\001\021\000a\000\040\000h\000\363\000a\000\040\000k\000h\000o\036\243\000n\000g\000\040\000c\000\341\000c\000h\000\040\000t\000r\000u\000y\036\301\000n\000\040\000t\000\355\000n\000\040\000h\000i\036\307\000u\000\040\000L\000o\000R\000a}{figure.caption.40}% 53
\BOOKMARK [3][-]{subsubsection.3.2.1}{\376\377\000X\000\342\000y\000\040\000d\036\361\000n\000g\000\040\000k\036\313\000c\000h\000\040\000b\036\243\000n\000\040\000k\000i\036\303\000m\000\040\000t\000h\036\355\000\040\036\337\000\040\000b\000\341\000n\000\040\000k\000\355\000n\000h\000\040\000g\036\247\000n}{subsection.3.2}% 54
\BOOKMARK [3][-]{subsubsection.3.2.2}{\376\377\000X\000\342\000y\000\040\000d\036\361\000n\000g\000\040\000k\036\313\000c\000h\000\040\000b\036\243\000n\000\040\000k\000i\036\303\000m\000\040\000t\000h\036\355\000\040\036\337\000\040\000k\000h\000o\036\243\000n\000g\000\040\000c\000\341\000c\000h\000\040\000x\000a}{subsection.3.2}% 55
\BOOKMARK [2][-]{subsection.3.3}{\376\377\000X\000\342\000y\000\040\000d\036\361\000n\000g\000\040\000k\036\313\000c\000h\000\040\000b\036\243\000n\000\040\000k\000i\036\303\000m\000\040\000t\000h\036\355\000\040\036\337\000\040\000m\000\364\000i\000\040\000t\000r\001\260\036\335\000n\000g\000\040\000n\036\331\000i\000\040\001\021\000\364}{figure.caption.40}% 56
\BOOKMARK [1][-]{section*.81}{\376\377\000P\000H\000\302\000N\000\040\000C\000\324\000N\000G\000\040\000N\000H\000I\036\306\000M\000\040\000V\036\344}{}% 57
\BOOKMARK [1][-]{section*.84}{\376\377\000K\036\276\000T\000\040\000L\000U\036\254\000N}{}% 58
\BOOKMARK [1][-]{section*.85}{\376\377\000K\036\277\000t\000\040\000l\000u\036\255\000n\000\040\000c\000h\000u\000n\000g}{}% 59
\BOOKMARK [1][-]{section*.86}{\376\377\000H\001\260\036\333\000n\000g\000\040\000p\000h\000\341\000t\000\040\000t\000r\000i\036\303\000n}{}% 60
\BOOKMARK [1][-]{section*.87}{\376\377\000T\000\300\000I\000\040\000L\000I\036\306\000U\000\040\000T\000H\000A\000M\000\040\000K\000H\036\242\000O}{}% 61
